{
  "exclude": {
    "files": "^.secrets.baseline$",
    "lines": null
  },
  "generated_at": "2026-09-23T01:19:00Z",
  "plugins_used": [
    {
      "name": "AWSKeyDetector"
    },
    {
      "name": "ArtifactoryDetector"
    },
    {
      "name": "AzureStorageKeyDetector"
    },
    {
      "base64_limit": 4.5,
      "name": "Base64HighEntropyString"
    },
    {
      "name": "BasicAuthDetector"
    },
    {
      "name": "BoxDetector"
    },
    {
      "name": "CloudantDetector"
    },
    {
      "ghe_instance": "github.ibm.com",
      "name": "GheDetector"
    },
    {
      "name": "GitHubTokenDetector"
    },
    {
      "hex_limit": 3,
      "name": "HexHighEntropyString"
    },
    {
      "name": "IbmCloudIamDetector"
    },
    {
      "name": "IbmCosHmacDetector"
    },
    {
      "name": "JwtTokenDetector"
    },
    {
      "keyword_exclude": null,
      "name": "KeywordDetector"
    },
    {
      "name": "MailchimpDetector"
    },
    {
      "name": "NpmDetector"
    },
    {
      "name": "PrivateKeyDetector"
    },
    {
      "name": "SlackDetector"
    },
    {
      "name": "SoftlayerDetector"
    },
    {
      "name": "SquareOAuthDetector"
    },
    {
      "name": "StripeDetector"
    },
    {
      "name": "TwilioKeyDetector"
    }
  ],
  "results": {
    ".env.example": [
      {
        "hashed_secret": "ff9ee043d85595eb255c05dfe32ece02a53efbb2",
        "is_secret": false,
        "is_verified": false,
        "line_number": 3,
        "type": "Secret Keyword",
        "verified_result": null
      }
    ],
    ".github/workflows/e2e.yml": [
      {
        "hashed_secret": "93a1fe0b6019fc2c461b2ae605dbe6ae2d579ea7",
        "is_secret": false,
        "is_verified": false,
        "line_number": 99,
        "type": "Secret Keyword",
        "verified_result": null
      }
    ],
    "README.md": [
      {
        "hashed_secret": "2025d405be02c40955c1041b83d25c0b58b2e558",
        "is_secret": false,
        "is_verified": false,
        "line_number": 45,
        "type": "Secret Keyword",
        "verified_result": null
      }
    ],
    "front-end/layout.pug": [
      {
        "hashed_secret": "ff6a9ad30c7e6de6a45f172b336eb743a4e38750",
        "is_secret": false,
        "is_verified": false,
        "line_number": 4,
        "type": "Base64 High Entropy String",
        "verified_result": null
      }
    ],
    "package-lock.json": [
      {
        "hashed_secret": "c3056715d6375ab9398baaf6907e8cfea57bcbbb",
        "is_secret": false,
        "is_verified": false,
        "line_number": 27,
        "type": "Base64 High Entropy String",
        "verified_result": null
      },
      {
        "hashed_secret": "6a1911189662b59023c6d2d6d4e1fbc01421b619",
        "is_secret": false,
        "is_verified": false,
        "line_number": 36,
        "type": "Base64 High Entropy String",
        "verified_result": null
      },
      {
        "hashed_secret": "f0332cf204e499da578a781a850185ab9ffbd2d8",
        "is_secret": false,
        "is_verified": false,
        "line_number": 45,
        "type": "Base64 High Entropy String",
        "verified_result": null
      },
      {
        "hashed_secret": "2fd22ba5d2d29e36c19af06a4812aa083592d62b",
        "is_secret": false,
        "is_verified": false,
        "line_number": 60,
        "type": "Base64 High Entropy String",
        "verified_result": null
      },
      {
        "hashed_secret": "f4a2cbab275733c39d8de0c10ce8c769ee4d1291",
        "is_secret": false,
        "is_verified": false,
        "line_number": 73,
        "type": "Base64 High Entropy String",
        "verified_result": null
      },
      {
        "hashed_secret": "ec959716c73eeee80f5dda330bd8ed5b719fda45",
        "is_secret": false,
        "is_verified": false,
        "line_number": 89,
        "type": "Base64 High Entropy String",
        "verified_result": null
      },
      {
        "hashed_secret": "89c31fa0d6838019bc29341b448d189aa712045b",
        "is_secret": false,
        "is_verified": false,
        "line_number": 99,
        "type": "Base64 High Entropy String",
        "verified_result": null
      },
      {
        "hashed_secret": "2c10b352b04c7e3ac3eb280f079fad0d31affca3",
        "is_secret": false,
        "is_verified": false,
        "line_number": 112,
        "type": "Base64 High Entropy String",
        "verified_result": null
      },
      {
        "hashed_secret": "69508e9f25ead6b12c7a762c93b2a5b9cb587d60",
        "is_secret": false,
        "is_verified": false,
        "line_number": 124,
        "type": "Base64 High Entropy String",
        "verified_result": null
      },
      {
        "hashed_secret": "93aa782c4df17b6541e0e372240cf197066bab69",
        "is_secret": false,
        "is_verified": false,
        "line_number": 138,
        "type": "Base64 High Entropy String",
        "verified_result": null
      },
      {
        "hashed_secret": "05c54c6141410be0e5efa106b46ebfd2513d9e92",
        "is_secret": false,
        "is_verified": false,
        "line_number": 144,
        "type": "Base64 High Entropy String",
        "verified_result": null
      },
      {
        "hashed_secret": "050b0bf3b9ea623b72379de34074860852579830",
        "is_secret": false,
        "is_verified": false,
        "line_number": 150,
        "type": "Base64 High Entropy String",
        "verified_result": null
      },
      {
        "hashed_secret": "32f3b488803c42018d784b4f9585d44709d4e5e3",
        "is_secret": false,
        "is_verified": false,
        "line_number": 156,
        "type": "Base64 High Entropy String",
        "verified_result": null
      },
      {
        "hashed_secret": "e0ed71a4c2836a6a251bef5e00b00401cfac286d",
        "is_secret": false,
        "is_verified": false,
        "line_number": 168,
        "type": "Base64 High Entropy String",
        "verified_result": null
      },
      {
        "hashed_secret": "6218cfe8ba1d7ca732ab6609d9fac82f424d34db",
        "is_secret": false,
        "is_verified": false,
        "line_number": 178,
        "type": "Base64 High Entropy String",
        "verified_result": null
      },
      {
        "hashed_secret": "ab1f9c941b63dc1afbb37313555b4ca14d19ee40",
        "is_secret": false,
        "is_verified": false,
        "line_number": 191,
        "type": "Base64 High Entropy String",
        "verified_result": null
      },
      {
        "hashed_secret": "9923a1a8d101867eb729356ec0f8c463141f6d9b",
        "is_secret": false,
        "is_verified": false,
        "line_number": 215,
        "type": "Base64 High Entropy String",
        "verified_result": null
      },
      {
        "hashed_secret": "4cd454d960136b7b4f74cca3c12010ff2ebd7663",
        "is_secret": false,
        "is_verified": false,
        "line_number": 228,
        "type": "Base64 High Entropy String",
        "verified_result": null
      },
      {
        "hashed_secret": "c61921cb03b0d17c9d180fa6d2d765269458f5e9",
        "is_secret": false,
        "is_verified": false,
        "line_number": 241,
        "type": "Base64 High Entropy String",
        "verified_result": null
      },
      {
        "hashed_secret": "09ce1f68022d542bd4b111b2e648b4261e7ea537",
        "is_secret": false,
        "is_verified": false,
        "line_number": 250,
        "type": "Base64 High Entropy String",
        "verified_result": null
      },
      {
        "hashed_secret": "f4713ff6d6ebe4c91eabb4abaa4fff79252287e2",
        "is_secret": false,
        "is_verified": false,
        "line_number": 263,
        "type": "Base64 High Entropy String",
        "verified_result": null
      },
      {
        "hashed_secret": "b54a51a8617b4b13c22519bdd9b97c7f42e2fb13",
        "is_secret": false,
        "is_verified": false,
        "line_number": 279,
        "type": "Base64 High Entropy String",
        "verified_result": null
      },
      {
        "hashed_secret": "4116283da073d4ab654db7f17a1325f7d331e9c5",
        "is_secret": false,
        "is_verified": false,
        "line_number": 288,
        "type": "Base64 High Entropy String",
        "verified_result": null
      },
      {
        "hashed_secret": "aa3db9268a30fdb0bbaddb384da242fcccad62bb",
        "is_secret": false,
        "is_verified": false,
        "line_number": 313,
        "type": "Base64 High Entropy String",
        "verified_result": null
      },
      {
        "hashed_secret": "f52956fa7c317746fde250d0f4e54d6115252cd4",
        "is_secret": false,
        "is_verified": false,
        "line_number": 323,
        "type": "Base64 High Entropy String",
        "verified_result": null
      },
      {
        "hashed_secret": "7f104c1c37e525afe159a7b26fe2782992e9c896",
        "is_secret": false,
        "is_verified": false,
        "line_number": 335,
        "type": "Base64 High Entropy String",
        "verified_result": null
      },
      {
        "hashed_secret": "42cd07a10482e3b99b503ffc28f3e76e8dd1649c",
        "is_secret": false,
        "is_verified": false,
        "line_number": 344,
        "type": "Base64 High Entropy String",
        "verified_result": null
      },
      {
        "hashed_secret": "1785152c56d58dd31a86fa5467b97bc8e5eff2a6",
        "is_secret": false,
        "is_verified": false,
        "line_number": 353,
        "type": "Base64 High Entropy String",
        "verified_result": null
      },
      {
        "hashed_secret": "8e948a3b773d1a2e4b6f4220216efa734315246d",
        "is_secret": false,
        "is_verified": false,
        "line_number": 359,
        "type": "Base64 High Entropy String",
        "verified_result": null
      },
      {
        "hashed_secret": "c5deff9c59d0e0419952da44431546620804d70e",
        "is_secret": false,
        "is_verified": false,
        "line_number": 368,
        "type": "Base64 High Entropy String",
        "verified_result": null
      },
      {
        "hashed_secret": "572b5e5253ab86ef535e76d891766cc1a17ee6a5",
        "is_secret": false,
        "is_verified": false,
        "line_number": 377,
        "type": "Base64 High Entropy String",
        "verified_result": null
      },
      {
        "hashed_secret": "5ce527ce1f70342652a75a5880bf174268b697e4",
        "is_secret": false,
        "is_verified": false,
        "line_number": 387,
        "type": "Base64 High Entropy String",
        "verified_result": null
      },
      {
        "hashed_secret": "13d4fba9b83a5fa25b7d99f7ac6f82ded42a3c41",
        "is_secret": false,
        "is_verified": false,
        "line_number": 393,
        "type": "Base64 High Entropy String",
        "verified_result": null
      },
      {
        "hashed_secret": "79119667cecad09809c34832b1f2b650b5ccded7",
        "is_secret": false,
        "is_verified": false,
        "line_number": 402,
        "type": "Base64 High Entropy String",
        "verified_result": null
      },
      {
        "hashed_secret": "4d50b55900617c8d08097c03af9667c135c1fc24",
        "is_secret": false,
        "is_verified": false,
        "line_number": 416,
        "type": "Base64 High Entropy String",
        "verified_result": null
      },
      {
        "hashed_secret": "2a0c5c01be780688ae4faf4a3e1cb6e48c50dc23",
        "is_secret": false,
        "is_verified": false,
        "line_number": 422,
        "type": "Base64 High Entropy String",
        "verified_result": null
      },
      {
        "hashed_secret": "6d1db030d72c8b03fd95eaeb0266255402f70df5",
        "is_secret": false,
        "is_verified": false,
        "line_number": 431,
        "type": "Base64 High Entropy String",
        "verified_result": null
      },
      {
        "hashed_secret": "cf75ddffbc923b32123e91e069fbcb97ac39c4d9",
        "is_secret": false,
        "is_verified": false,
        "line_number": 440,
        "type": "Base64 High Entropy String",
        "verified_result": null
      },
      {
        "hashed_secret": "3a5216756ea514ee529bd716ec9b6abb95caae43",
        "is_secret": false,
        "is_verified": false,
        "line_number": 449,
        "type": "Base64 High Entropy String",
        "verified_result": null
      },
      {
        "hashed_secret": "cc0394ae9ff7278ac1f8ba8305e06627798ae34b",
        "is_secret": false,
        "is_verified": false,
        "line_number": 461,
        "type": "Base64 High Entropy String",
        "verified_result": null
      },
      {
        "hashed_secret": "3b9b4f0e0dc452a1ab51ff9a7e649171b0b54a70",
        "is_secret": false,
        "is_verified": false,
        "line_number": 467,
        "type": "Base64 High Entropy String",
        "verified_result": null
      },
      {
        "hashed_secret": "9a3db68c93d3ab474f122bd9a401e393169419e3",
        "is_secret": false,
        "is_verified": false,
        "line_number": 476,
        "type": "Base64 High Entropy String",
        "verified_result": null
      },
      {
        "hashed_secret": "40845807d8aee0011201d48f30ee85b915995706",
        "is_secret": false,
        "is_verified": false,
        "line_number": 522,
        "type": "Base64 High Entropy String",
        "verified_result": null
      },
      {
        "hashed_secret": "7c235e480345a8563b9b7348d8b568bd51bf3814",
        "is_secret": false,
        "is_verified": false,
        "line_number": 545,
        "type": "Base64 High Entropy String",
        "verified_result": null
      },
      {
        "hashed_secret": "c7c109b373706b47cf9df00a37248b747d150701",
        "is_secret": false,
        "is_verified": false,
        "line_number": 558,
        "type": "Base64 High Entropy String",
        "verified_result": null
      },
      {
        "hashed_secret": "dc9a2ba629796d6ef3323496eb952461f964e115",
        "is_secret": false,
        "is_verified": false,
        "line_number": 576,
        "type": "Base64 High Entropy String",
        "verified_result": null
      },
      {
        "hashed_secret": "67e1630eef767c17f165bed8793abff78d5d53ac",
        "is_secret": false,
        "is_verified": false,
        "line_number": 585,
        "type": "Base64 High Entropy String",
        "verified_result": null
      },
      {
        "hashed_secret": "d950cd8ef510429f57fb282e4a437321ca86158c",
        "is_secret": false,
        "is_verified": false,
        "line_number": 594,
        "type": "Base64 High Entropy String",
        "verified_result": null
      },
      {
        "hashed_secret": "e7f54899a1654525fbfb1d8c3ac44d632f655af1",
        "is_secret": false,
        "is_verified": false,
        "line_number": 609,
        "type": "Base64 High Entropy String",
        "verified_result": null
      },
      {
        "hashed_secret": "4cd3a1b109eb67acf1557141e83880899d18eaea",
        "is_secret": false,
        "is_verified": false,
        "line_number": 618,
        "type": "Base64 High Entropy String",
        "verified_result": null
      },
      {
        "hashed_secret": "5a4d96497ba98531c9c36ced1d043fbd8c535eff",
        "is_secret": false,
        "is_verified": false,
        "line_number": 642,
        "type": "Base64 High Entropy String",
        "verified_result": null
      },
      {
        "hashed_secret": "371ca38e7acde2cb9e7c1a8bea0355722ff047cf",
        "is_secret": false,
        "is_verified": false,
        "line_number": 655,
        "type": "Base64 High Entropy String",
        "verified_result": null
      },
      {
        "hashed_secret": "979e2a14e4576c62a9748d7466bfa7f4f3a0620d",
        "is_secret": false,
        "is_verified": false,
        "line_number": 668,
        "type": "Base64 High Entropy String",
        "verified_result": null
      },
      {
        "hashed_secret": "e45f8f0f8f0463a80493faaf81d1fe3d0fa4a174",
        "is_secret": false,
        "is_verified": false,
        "line_number": 680,
        "type": "Base64 High Entropy String",
        "verified_result": null
      },
      {
        "hashed_secret": "0d97c7fe1c124e07eb8bba42a86419c083ba0591",
        "is_secret": false,
        "is_verified": false,
        "line_number": 690,
        "type": "Base64 High Entropy String",
        "verified_result": null
      },
      {
        "hashed_secret": "e07f2c68e0fe6abfac19da4e9dd0c81669de7078",
        "is_secret": false,
        "is_verified": false,
        "line_number": 702,
        "type": "Base64 High Entropy String",
        "verified_result": null
      },
      {
        "hashed_secret": "b2cf47f1b9fba7e27a7f8d660b18e6b5f44b96c3",
        "is_secret": false,
        "is_verified": false,
        "line_number": 717,
        "type": "Base64 High Entropy String",
        "verified_result": null
      },
      {
        "hashed_secret": "9bad76463ceffd240ee9bd95c3faa98c0a4b94d0",
        "is_secret": false,
        "is_verified": false,
        "line_number": 729,
        "type": "Base64 High Entropy String",
        "verified_result": null
      },
      {
        "hashed_secret": "3e6c18abd5b90c63da0bd8b4c0d3a142e3d5a83d",
        "is_secret": false,
        "is_verified": false,
        "line_number": 749,
        "type": "Base64 High Entropy String",
        "verified_result": null
      },
      {
        "hashed_secret": "6b6da123ceec9e1d1fe64b6fab6f3d4e083a822c",
        "is_secret": false,
        "is_verified": false,
        "line_number": 761,
        "type": "Base64 High Entropy String",
        "verified_result": null
      },
      {
        "hashed_secret": "cf09cb791688fe019284bfdc362abc41918645a5",
        "is_secret": false,
        "is_verified": false,
        "line_number": 768,
        "type": "Base64 High Entropy String",
        "verified_result": null
      },
      {
        "hashed_secret": "89b283ab50bf537dfbd64a59830fb7dda89eb546",
        "is_secret": false,
        "is_verified": false,
        "line_number": 774,
        "type": "Base64 High Entropy String",
        "verified_result": null
      },
      {
        "hashed_secret": "3c22fe71719555d5e4c508c724ee1c9a9728d8a1",
        "is_secret": false,
        "is_verified": false,
        "line_number": 783,
        "type": "Base64 High Entropy String",
        "verified_result": null
      },
      {
        "hashed_secret": "592c1959e16609b3bc8e9456586cee05d7305404",
        "is_secret": false,
        "is_verified": false,
        "line_number": 796,
        "type": "Base64 High Entropy String",
        "verified_result": null
      },
      {
        "hashed_secret": "9c97b56d22cdf88f3535dd8f847d8849efd67fa0",
        "is_secret": false,
        "is_verified": false,
        "line_number": 811,
        "type": "Base64 High Entropy String",
        "verified_result": null
      },
      {
        "hashed_secret": "e9ce08fb0922eb7b6fd8078a79f948726b9b756e",
        "is_secret": false,
        "is_verified": false,
        "line_number": 821,
        "type": "Base64 High Entropy String",
        "verified_result": null
      },
      {
        "hashed_secret": "0168f03d6f1748d5d7ae624a93f711333b69d01c",
        "is_secret": false,
        "is_verified": false,
        "line_number": 831,
        "type": "Base64 High Entropy String",
        "verified_result": null
      },
      {
        "hashed_secret": "8f95bdf43361cffe6720264f402b5636239f6367",
        "is_secret": false,
        "is_verified": false,
        "line_number": 844,
        "type": "Base64 High Entropy String",
        "verified_result": null
      },
      {
        "hashed_secret": "8de51847fa6d88613e74e9f1fc9baf96cb1b8158",
        "is_secret": false,
        "is_verified": false,
        "line_number": 854,
        "type": "Base64 High Entropy String",
        "verified_result": null
      },
      {
        "hashed_secret": "49f6e9d43cadb9b9c956ec2fd3722009a8222abb",
        "is_secret": false,
        "is_verified": false,
        "line_number": 860,
        "type": "Base64 High Entropy String",
        "verified_result": null
      },
      {
        "hashed_secret": "1811a2019f41f3ecd0213a3e56719e9b1e7e6a4c",
        "is_secret": false,
        "is_verified": false,
        "line_number": 878,
        "type": "Base64 High Entropy String",
        "verified_result": null
      },
      {
        "hashed_secret": "c5184cbe833e16c91d6cdbeca531e4296b9da74f",
        "is_secret": false,
        "is_verified": false,
        "line_number": 884,
        "type": "Base64 High Entropy String",
        "verified_result": null
      },
      {
        "hashed_secret": "bf9707f679cfc4d2b9e76afc99188d2f3eebe84f",
        "is_secret": false,
        "is_verified": false,
        "line_number": 893,
        "type": "Base64 High Entropy String",
        "verified_result": null
      },
      {
        "hashed_secret": "634e7bdaad36f49f0c3bae7f4f4624ee465808e5",
        "is_secret": false,
        "is_verified": false,
        "line_number": 899,
        "type": "Base64 High Entropy String",
        "verified_result": null
      },
      {
        "hashed_secret": "d7cdb9c755d36ef6bba01ff385c215194d07c523",
        "is_secret": false,
        "is_verified": false,
        "line_number": 909,
        "type": "Base64 High Entropy String",
        "verified_result": null
      },
      {
        "hashed_secret": "87ae5db459dbd9fe4157473b016ae5ff5ef0f4ed",
        "is_secret": false,
        "is_verified": false,
        "line_number": 921,
        "type": "Base64 High Entropy String",
        "verified_result": null
      },
      {
        "hashed_secret": "d7c39664c403d1fecb3d1e330ad65a00bab67629",
        "is_secret": false,
        "is_verified": false,
        "line_number": 930,
        "type": "Base64 High Entropy String",
        "verified_result": null
      },
      {
        "hashed_secret": "33424d6062b147852810a1b4e7d5cd675caa3231",
        "is_secret": false,
        "is_verified": false,
        "line_number": 939,
        "type": "Base64 High Entropy String",
        "verified_result": null
      },
      {
        "hashed_secret": "22f475d09df2c53aa6332a6d7aa6ac7e2cc09481",
        "is_secret": false,
        "is_verified": false,
        "line_number": 948,
        "type": "Base64 High Entropy String",
        "verified_result": null
      },
      {
        "hashed_secret": "5c270f653b2fcd5b7c700b53f8543df4147a4aba",
        "is_secret": false,
        "is_verified": false,
        "line_number": 957,
        "type": "Base64 High Entropy String",
        "verified_result": null
      },
      {
        "hashed_secret": "838abb1331a160bdd441c25a2a2d44332ee8694b",
        "is_secret": false,
        "is_verified": false,
        "line_number": 969,
        "type": "Base64 High Entropy String",
        "verified_result": null
      },
      {
        "hashed_secret": "e6525dbd438fc8858b0d56c59d164f403792ba1e",
        "is_secret": false,
        "is_verified": false,
        "line_number": 978,
        "type": "Base64 High Entropy String",
        "verified_result": null
      },
      {
        "hashed_secret": "fc98012c01ec09e66f60b2fa88d156529c327cb8",
        "is_secret": false,
        "is_verified": false,
        "line_number": 990,
        "type": "Base64 High Entropy String",
        "verified_result": null
      },
      {
        "hashed_secret": "612b70ad4343adbb09a9cacc2fd28d7a2eae9313",
        "is_secret": false,
        "is_verified": false,
        "line_number": 1006,
        "type": "Base64 High Entropy String",
        "verified_result": null
      },
      {
        "hashed_secret": "4882a3f560bc1bf6d57e2e0d1bf68d2568e76dae",
        "is_secret": false,
        "is_verified": false,
        "line_number": 1012,
        "type": "Base64 High Entropy String",
        "verified_result": null
      },
      {
        "hashed_secret": "d484a29bcd27ce719c1ffe5f15f59823bf186f4d",
        "is_secret": false,
        "is_verified": false,
        "line_number": 1021,
        "type": "Base64 High Entropy String",
        "verified_result": null
      },
      {
        "hashed_secret": "d45062677e99f28b9a98f4b53e9af8f56b01bb10",
        "is_secret": false,
        "is_verified": false,
        "line_number": 1050,
        "type": "Base64 High Entropy String",
        "verified_result": null
      },
      {
        "hashed_secret": "0a68e003e521d8b996e1c07b3b5b2664de31fa44",
        "is_secret": false,
        "is_verified": false,
        "line_number": 1075,
        "type": "Base64 High Entropy String",
        "verified_result": null
      },
      {
        "hashed_secret": "bfa89e1607d2248db3523f241a0e9eb543cd0061",
        "is_secret": false,
        "is_verified": false,
        "line_number": 1085,
        "type": "Base64 High Entropy String",
        "verified_result": null
      },
      {
        "hashed_secret": "63d9b233c4c6726db3eea4d792836aefd414617f",
        "is_secret": false,
        "is_verified": false,
        "line_number": 1094,
        "type": "Base64 High Entropy String",
        "verified_result": null
      },
      {
        "hashed_secret": "0817713c3585298fbb156482ffc6787018397167",
        "is_secret": false,
        "is_verified": false,
        "line_number": 1103,
        "type": "Base64 High Entropy String",
        "verified_result": null
      },
      {
        "hashed_secret": "46a4c4dbd946b3ee42ec76aba7a1d303e777898a",
        "is_secret": false,
        "is_verified": false,
        "line_number": 1115,
        "type": "Base64 High Entropy String",
        "verified_result": null
      },
      {
        "hashed_secret": "1fd960f79ff7ccd39310bfdf81fba2b2663b71d0",
        "is_secret": false,
        "is_verified": false,
        "line_number": 1124,
        "type": "Base64 High Entropy String",
        "verified_result": null
      },
      {
        "hashed_secret": "a69f1660c6a7194aaa3b5f1866d30ed70ced7a9a",
        "is_secret": false,
        "is_verified": false,
        "line_number": 1136,
        "type": "Base64 High Entropy String",
        "verified_result": null
      },
      {
        "hashed_secret": "3aa35059d780607f079265259fc76628fa92d479",
        "is_secret": false,
        "is_verified": false,
        "line_number": 1145,
        "type": "Base64 High Entropy String",
        "verified_result": null
      },
      {
        "hashed_secret": "ae745d719f97b3ddb9791348b1f29ff8208c0c5c",
        "is_secret": false,
        "is_verified": false,
        "line_number": 1160,
        "type": "Base64 High Entropy String",
        "verified_result": null
      },
      {
        "hashed_secret": "e159739ed2c59133b3d3012a0a2e1aa4dab506c8",
        "is_secret": false,
        "is_verified": false,
        "line_number": 1169,
        "type": "Base64 High Entropy String",
        "verified_result": null
      },
      {
        "hashed_secret": "9652f56ce1508fe743d1052887dfcc8f72e7a512",
        "is_secret": false,
        "is_verified": false,
        "line_number": 1175,
        "type": "Base64 High Entropy String",
        "verified_result": null
      },
      {
        "hashed_secret": "3bae03646f3110a32c0d619e0c5fb4a15d624dfb",
        "is_secret": false,
        "is_verified": false,
        "line_number": 1184,
        "type": "Base64 High Entropy String",
        "verified_result": null
      },
      {
        "hashed_secret": "cd7fc992e9d11af32806607c3a889f40813c5e56",
        "is_secret": false,
        "is_verified": false,
        "line_number": 1197,
        "type": "Base64 High Entropy String",
        "verified_result": null
      },
      {
        "hashed_secret": "0cbdcde8a0303a73dad738a11aa7550d9510b4d0",
        "is_secret": false,
        "is_verified": false,
        "line_number": 1213,
        "type": "Base64 High Entropy String",
        "verified_result": null
      },
      {
        "hashed_secret": "6d1c4fb7b412e4c35c3b31c8f8f4ba51c0cd4482",
        "is_secret": false,
        "is_verified": false,
        "line_number": 1226,
        "type": "Base64 High Entropy String",
        "verified_result": null
      },
      {
        "hashed_secret": "2a416cdbfc3b4651a6d04d447938ace3ff9c7b6a",
        "is_secret": false,
        "is_verified": false,
        "line_number": 1235,
        "type": "Base64 High Entropy String",
        "verified_result": null
      },
      {
        "hashed_secret": "bc8871bf12d9dd3971dad6cdd4aca5506f848957",
        "is_secret": false,
        "is_verified": false,
        "line_number": 1248,
        "type": "Base64 High Entropy String",
        "verified_result": null
      },
      {
        "hashed_secret": "1da7c1081ec7790a5a5b97c6872f78942cdda763",
        "is_secret": false,
        "is_verified": false,
        "line_number": 1255,
        "type": "Base64 High Entropy String",
        "verified_result": null
      },
      {
        "hashed_secret": "fa6e26e097aa927d44273d247487fda71dbc67ed",
        "is_secret": false,
        "is_verified": false,
        "line_number": 1271,
        "type": "Base64 High Entropy String",
        "verified_result": null
      },
      {
        "hashed_secret": "70ab5a28361c2329a7ad5f19d41da36b32e33793",
        "is_secret": false,
        "is_verified": false,
        "line_number": 1282,
        "type": "Base64 High Entropy String",
        "verified_result": null
      },
      {
        "hashed_secret": "53e61e0a614cbbe2c2d713fd4c5012ac1080628d",
        "is_secret": false,
        "is_verified": false,
        "line_number": 1298,
        "type": "Base64 High Entropy String",
        "verified_result": null
      },
      {
        "hashed_secret": "7fb336f12b20238b4257456bb88f15682dd59cb2",
        "is_secret": false,
        "is_verified": false,
        "line_number": 1304,
        "type": "Base64 High Entropy String",
        "verified_result": null
      },
      {
        "hashed_secret": "da46d80d6dfa593c589eebccd5be7b19d29111e0",
        "is_secret": false,
        "is_verified": false,
        "line_number": 1317,
        "type": "Base64 High Entropy String",
        "verified_result": null
      },
      {
        "hashed_secret": "00195a8a7d0081fc742a9e294b0d5ddad9462a1a",
        "is_secret": false,
        "is_verified": false,
        "line_number": 1328,
        "type": "Base64 High Entropy String",
        "verified_result": null
      },
      {
        "hashed_secret": "e26de68abcde1628108ba1f67bd6bcd51b5bf624",
        "is_secret": false,
        "is_verified": false,
        "line_number": 1338,
        "type": "Base64 High Entropy String",
        "verified_result": null
      },
      {
        "hashed_secret": "669f584631e958ccb62abefb3b9fad200d368743",
        "is_secret": false,
        "is_verified": false,
        "line_number": 1348,
        "type": "Base64 High Entropy String",
        "verified_result": null
      },
      {
        "hashed_secret": "6eedaa79fa626b4eece947e29ff4b8432a94bd95",
        "is_secret": false,
        "is_verified": false,
        "line_number": 1358,
        "type": "Base64 High Entropy String",
        "verified_result": null
      },
      {
        "hashed_secret": "c7ca39bd62365bc9c0e240a40834f8a62bb4c75b",
        "is_secret": false,
        "is_verified": false,
        "line_number": 1364,
        "type": "Base64 High Entropy String",
        "verified_result": null
      },
      {
        "hashed_secret": "d6ec8b4466b0be82a2159fbf9f14ad8340490f6e",
        "is_secret": false,
        "is_verified": false,
        "line_number": 1373,
        "type": "Base64 High Entropy String",
        "verified_result": null
      },
      {
        "hashed_secret": "80efaefdd25eda731c0c54f14593d2c8419090b7",
        "is_secret": false,
        "is_verified": false,
        "line_number": 1379,
        "type": "Base64 High Entropy String",
        "verified_result": null
      },
      {
        "hashed_secret": "dd9bf7794e25e9374968affd7996481b1d2287fc",
        "is_secret": false,
        "is_verified": false,
        "line_number": 1395,
        "type": "Base64 High Entropy String",
        "verified_result": null
      },
      {
        "hashed_secret": "8287678ab8009ae16b02930c9e260d1f28578fbe",
        "is_secret": false,
        "is_verified": false,
        "line_number": 1404,
        "type": "Base64 High Entropy String",
        "verified_result": null
      },
      {
        "hashed_secret": "52c607705ede5b492455a2cf8c60ed94b0fe9ad3",
        "is_secret": false,
        "is_verified": false,
        "line_number": 1413,
        "type": "Base64 High Entropy String",
        "verified_result": null
      },
      {
        "hashed_secret": "9dff9e9fd2f6eeeb815eb9db94eff6248259ba16",
        "is_secret": false,
        "is_verified": false,
        "line_number": 1428,
        "type": "Base64 High Entropy String",
        "verified_result": null
      },
      {
        "hashed_secret": "ae9c159171e84094834f9918b5a39ce738e36f91",
        "is_secret": false,
        "is_verified": false,
        "line_number": 1441,
        "type": "Base64 High Entropy String",
        "verified_result": null
      },
      {
        "hashed_secret": "dab00d860d09dd9092b16718edd82bb24a6a21e9",
        "is_secret": false,
        "is_verified": false,
        "line_number": 1462,
        "type": "Base64 High Entropy String",
        "verified_result": null
      },
      {
        "hashed_secret": "1508bbaf29927b5348d4df62823dab122a0d3b48",
        "is_secret": false,
        "is_verified": false,
        "line_number": 1482,
        "type": "Base64 High Entropy String",
        "verified_result": null
      },
      {
        "hashed_secret": "2ddb7c065579b434d9d1508bc0c6dcdc4d249f76",
        "is_secret": false,
        "is_verified": false,
        "line_number": 1488,
        "type": "Base64 High Entropy String",
        "verified_result": null
      },
      {
        "hashed_secret": "3a84cb0624b6c580c119e861f942cae35cecacdb",
        "is_secret": false,
        "is_verified": false,
        "line_number": 1501,
        "type": "Base64 High Entropy String",
        "verified_result": null
      },
      {
        "hashed_secret": "805d9656080308c11cde7cb7f0310e12c7e60c48",
        "is_secret": false,
        "is_verified": false,
        "line_number": 1525,
        "type": "Base64 High Entropy String",
        "verified_result": null
      },
      {
        "hashed_secret": "cfae64ecb55f017efd4c8c55aaa29db0bd61769b",
        "is_secret": false,
        "is_verified": false,
        "line_number": 1531,
        "type": "Base64 High Entropy String",
        "verified_result": null
      },
      {
        "hashed_secret": "bae67d3ce231086fba18abc7365c94878f900c14",
        "is_secret": false,
        "is_verified": false,
        "line_number": 1546,
        "type": "Base64 High Entropy String",
        "verified_result": null
      },
      {
        "hashed_secret": "350fbf4f9a7c96ca283a9ccd3a9ce44242e8926b",
        "is_secret": false,
        "is_verified": false,
        "line_number": 1552,
        "type": "Base64 High Entropy String",
        "verified_result": null
      },
      {
        "hashed_secret": "23b4f3719d74b972c8f8cbdd8144a9b9a1af395e",
        "is_secret": false,
        "is_verified": false,
        "line_number": 1571,
        "type": "Base64 High Entropy String",
        "verified_result": null
      },
      {
        "hashed_secret": "7cdaa4e52326d9a81d36d211cd26c2d7a9fc69e1",
        "is_secret": false,
        "is_verified": false,
        "line_number": 1587,
        "type": "Base64 High Entropy String",
        "verified_result": null
      },
      {
        "hashed_secret": "6a66a6ffc1f1c2f31ec1c5c694938bedbae39c02",
        "is_secret": false,
        "is_verified": false,
        "line_number": 1605,
        "type": "Base64 High Entropy String",
        "verified_result": null
      },
      {
        "hashed_secret": "eddf3e394609128df97b6e1e58a37522eb580584",
        "is_secret": false,
        "is_verified": false,
        "line_number": 1624,
        "type": "Base64 High Entropy String",
        "verified_result": null
      },
      {
        "hashed_secret": "4dcc5c09923b9c0c9014f1f416f58aed8360e584",
        "is_secret": false,
        "is_verified": false,
        "line_number": 1637,
        "type": "Base64 High Entropy String",
        "verified_result": null
      },
      {
        "hashed_secret": "8368db68b0ace9e898989e5e645c5e1eddf99b11",
        "is_secret": false,
        "is_verified": false,
        "line_number": 1646,
        "type": "Base64 High Entropy String",
        "verified_result": null
      },
      {
        "hashed_secret": "b5ff241f1dfeac7af202ffcfa8df6b14badc21d5",
        "is_secret": false,
        "is_verified": false,
        "line_number": 1659,
        "type": "Base64 High Entropy String",
        "verified_result": null
      },
      {
        "hashed_secret": "36a41bfa336a40f390233bcb3edba75b423c0ac5",
        "is_secret": false,
        "is_verified": false,
        "line_number": 1671,
        "type": "Base64 High Entropy String",
        "verified_result": null
      },
      {
        "hashed_secret": "a6d813aa7164341218d80a2b625ff1b254fa10c3",
        "is_secret": false,
        "is_verified": false,
        "line_number": 1684,
        "type": "Base64 High Entropy String",
        "verified_result": null
      },
      {
        "hashed_secret": "d574e5e19039bf2eda1800ae2c26a06269739c64",
        "is_secret": false,
        "is_verified": false,
        "line_number": 1693,
        "type": "Base64 High Entropy String",
        "verified_result": null
      },
      {
        "hashed_secret": "5b9e0bbb1620e4dd319ea8685d7971e564ca3bed",
        "is_secret": false,
        "is_verified": false,
        "line_number": 1699,
        "type": "Base64 High Entropy String",
        "verified_result": null
      },
      {
        "hashed_secret": "955d2d24c472b4eb0b4488f935a0f65e38001df8",
        "is_secret": false,
        "is_verified": false,
        "line_number": 1709,
        "type": "Base64 High Entropy String",
        "verified_result": null
      },
      {
        "hashed_secret": "a1632381029d0f73d29451e6877996e80895c98f",
        "is_secret": false,
        "is_verified": false,
        "line_number": 1722,
        "type": "Base64 High Entropy String",
        "verified_result": null
      },
      {
        "hashed_secret": "0e0610c989dae051d6868e1151cdd5574fc596e9",
        "is_secret": false,
        "is_verified": false,
        "line_number": 1734,
        "type": "Base64 High Entropy String",
        "verified_result": null
      },
      {
        "hashed_secret": "d24f46e6a9c285db5232f3f89fc907d877e9e982",
        "is_secret": false,
        "is_verified": false,
        "line_number": 1741,
        "type": "Base64 High Entropy String",
        "verified_result": null
      },
      {
        "hashed_secret": "292b56ccb1313ea50f4d1bf0efc7f2b04670fe73",
        "is_secret": false,
        "is_verified": false,
        "line_number": 1748,
        "type": "Base64 High Entropy String",
        "verified_result": null
      },
      {
        "hashed_secret": "4885a73ae27294938a483e855613b49825a795e8",
        "is_secret": false,
        "is_verified": false,
        "line_number": 1757,
        "type": "Base64 High Entropy String",
        "verified_result": null
      },
      {
        "hashed_secret": "f436e5e80e3407aed61c6a5d0463a46e0da536d8",
        "is_secret": false,
        "is_verified": false,
        "line_number": 1766,
        "type": "Base64 High Entropy String",
        "verified_result": null
      },
      {
        "hashed_secret": "dd51ca2f678d6ccd89db00975a12310f25b33c3e",
        "is_secret": false,
        "is_verified": false,
        "line_number": 1775,
        "type": "Base64 High Entropy String",
        "verified_result": null
      },
      {
        "hashed_secret": "93027f15d542ac6cf38a49876f93b2d217d39633",
        "is_secret": false,
        "is_verified": false,
        "line_number": 1784,
        "type": "Base64 High Entropy String",
        "verified_result": null
      },
      {
        "hashed_secret": "03edbe2e35e4244d03ec1f59ae4b9e86cb180365",
        "is_secret": false,
        "is_verified": false,
        "line_number": 1799,
        "type": "Base64 High Entropy String",
        "verified_result": null
      }
    ],
    "server.js": [
      {
        "hashed_secret": "5c5a15a8b0b3e154d77746945e563ba40100681b",
        "is_secret": false,
        "is_verified": false,
        "line_number": 31,
        "type": "Secret Keyword",
        "verified_result": null
      }
    ],
    "tests/e2e/auth-code-flow.spec.ts": [
      {
        "hashed_secret": "c5c6fc536c61804d7f484cef357dfdee0fde30f9",
        "is_secret": false,
        "is_verified": false,
        "line_number": 20,
        "type": "Secret Keyword",
        "verified_result": null
      }
    ]
  },
  "version": "0.13.1+ibm.64.dss",
  "word_list": {
    "file": null,
    "hash": null
  }
}
